
  Lua.vcxproj -> C:\Users\me\source\repos\Nexen\bin\win-x64\Release\Lua.lib
  SevenZip.vcxproj -> C:\Users\me\source\repos\Nexen\bin\win-x64\Release\SevenZip.lib
  MovieConverter -> C:\Users\me\source\repos\Nexen\MovieConverter\bin\Release\net10.0\Nexen.MovieConverter.dll
  MovieConverter.Benchmarks -> C:\Users\me\source\repos\Nexen\MovieConverter.Benchmarks\bin\Release\net10.0\MovieConverter.Benchmarks.dll
  MovieConverter.Tests -> C:\Users\me\source\repos\Nexen\MovieConverter.Tests\bin\Release\net10.0\MovieConverter.Tests.dll
  Utilities.vcxproj -> C:\Users\me\source\repos\Nexen\bin\win-x64\Release\Utilities.lib
  Core.vcxproj -> C:\Users\me\source\repos\Nexen\bin\win-x64\Release\Core.lib
  Windows.vcxproj -> C:\Users\me\source\repos\Nexen\bin\win-x64\Release\Windows.lib
  InteropDLL.vcxproj -> C:\Users\me\source\repos\Nexen\bin\win-x64\Release\NexenCore.dll
  Core.Benchmarks.vcxproj -> C:\Users\me\source\repos\Nexen\bin\win-x64\Release\Core.Benchmarks.exe
  Core.Tests.vcxproj -> C:\Users\me\source\repos\Nexen\bin\win-x64\Release\Core.Tests.exe
  Pansy.Core -> C:\Users\me\source\repos\pansy\src\Pansy.Core\bin\Debug\net10.0\Pansy.Core.dll
  PGOHelper.vcxproj -> C:\Users\me\source\repos\Nexen\bin\win-x64\Release\PGOHelper.exe
  UI -> C:\Users\me\source\repos\Nexen\bin\win-x64\Release\Nexen.dll
C:\Program Files\Microsoft Visual Studio\18\Insiders\MSBuild\Current\Bin\Microsoft.Common.CurrentVersion.targets(2451,5): warning MSB3277: Found conflicts between different versions of "Dock.Model.Mvvm" that could not be resolved. [C:\Users\me\source\repos\Nexen\Benchmarks\Nexen.Benchmarks.csproj]
C:\Program Files\Microsoft Visual Studio\18\Insiders\MSBuild\Current\Bin\Microsoft.Common.CurrentVersion.targets(2451,5): warning MSB3277: There was a conflict between "Dock.Model.Mvvm, Version=11.3.11.7, Culture=neutral, PublicKeyToken=535dd7fb7a6cf113" and "Dock.Model.Mvvm, Version=12.0.0.1, Culture=neutral, PublicKeyToken=535dd7fb7a6cf113". [C:\Users\me\source\repos\Nexen\Benchmarks\Nexen.Benchmarks.csproj]
C:\Program Files\Microsoft Visual Studio\18\Insiders\MSBuild\Current\Bin\Microsoft.Common.CurrentVersion.targets(2451,5): warning MSB3277:     "Dock.Model.Mvvm, Version=11.3.11.7, Culture=neutral, PublicKeyToken=535dd7fb7a6cf113" was chosen because it was primary and "Dock.Model.Mvvm, Version=12.0.0.1, Culture=neutral, PublicKeyToken=535dd7fb7a6cf113" was not. [C:\Users\me\source\repos\Nexen\Benchmarks\Nexen.Benchmarks.csproj]
C:\Program Files\Microsoft Visual Studio\18\Insiders\MSBuild\Current\Bin\Microsoft.Common.CurrentVersion.targets(2451,5): warning MSB3277:     References which depend on "Dock.Model.Mvvm, Version=11.3.11.7, Culture=neutral, PublicKeyToken=535dd7fb7a6cf113" [C:\Users\me\.nuget\packages\dock.model.mvvm\11.3.11.7\lib\net10.0\Dock.Model.Mvvm.dll]. [C:\Users\me\source\repos\Nexen\Benchmarks\Nexen.Benchmarks.csproj]
C:\Program Files\Microsoft Visual Studio\18\Insiders\MSBuild\Current\Bin\Microsoft.Common.CurrentVersion.targets(2451,5): warning MSB3277:         C:\Users\me\.nuget\packages\dock.model.mvvm\11.3.11.7\lib\net10.0\Dock.Model.Mvvm.dll [C:\Users\me\source\repos\Nexen\Benchmarks\Nexen.Benchmarks.csproj]
C:\Program Files\Microsoft Visual Studio\18\Insiders\MSBuild\Current\Bin\Microsoft.Common.CurrentVersion.targets(2451,5): warning MSB3277:           Project file item includes which caused reference "C:\Users\me\.nuget\packages\dock.model.mvvm\11.3.11.7\lib\net10.0\Dock.Model.Mvvm.dll". [C:\Users\me\source\repos\Nexen\Benchmarks\Nexen.Benchmarks.csproj]
C:\Program Files\Microsoft Visual Studio\18\Insiders\MSBuild\Current\Bin\Microsoft.Common.CurrentVersion.targets(2451,5): warning MSB3277:             C:\Users\me\.nuget\packages\dock.model.mvvm\11.3.11.7\lib\net10.0\Dock.Model.Mvvm.dll [C:\Users\me\source\repos\Nexen\Benchmarks\Nexen.Benchmarks.csproj]
C:\Program Files\Microsoft Visual Studio\18\Insiders\MSBuild\Current\Bin\Microsoft.Common.CurrentVersion.targets(2451,5): warning MSB3277:     References which depend on or have been unified to "Dock.Model.Mvvm, Version=12.0.0.1, Culture=neutral, PublicKeyToken=535dd7fb7a6cf113" []. [C:\Users\me\source\repos\Nexen\Benchmarks\Nexen.Benchmarks.csproj]
C:\Program Files\Microsoft Visual Studio\18\Insiders\MSBuild\Current\Bin\Microsoft.Common.CurrentVersion.targets(2451,5): warning MSB3277:         C:\Users\me\source\repos\Nexen\bin\win-x64\Release\Nexen.dll [C:\Users\me\source\repos\Nexen\Benchmarks\Nexen.Benchmarks.csproj]
C:\Program Files\Microsoft Visual Studio\18\Insiders\MSBuild\Current\Bin\Microsoft.Common.CurrentVersion.targets(2451,5): warning MSB3277:           Project file item includes which caused reference "C:\Users\me\source\repos\Nexen\bin\win-x64\Release\Nexen.dll". [C:\Users\me\source\repos\Nexen\Benchmarks\Nexen.Benchmarks.csproj]
C:\Program Files\Microsoft Visual Studio\18\Insiders\MSBuild\Current\Bin\Microsoft.Common.CurrentVersion.targets(2451,5): warning MSB3277:             C:\Users\me\source\repos\Nexen\bin\win-x64\Release\Nexen.dll [C:\Users\me\source\repos\Nexen\Benchmarks\Nexen.Benchmarks.csproj]
C:\Program Files\Microsoft Visual Studio\18\Insiders\MSBuild\Current\Bin\Microsoft.Common.CurrentVersion.targets(2451,5): warning MSB3277: Found conflicts between different versions of "Dock.Model" that could not be resolved. [C:\Users\me\source\repos\Nexen\Benchmarks\Nexen.Benchmarks.csproj]
C:\Program Files\Microsoft Visual Studio\18\Insiders\MSBuild\Current\Bin\Microsoft.Common.CurrentVersion.targets(2451,5): warning MSB3277: There was a conflict between "Dock.Model, Version=11.3.11.7, Culture=neutral, PublicKeyToken=535dd7fb7a6cf113" and "Dock.Model, Version=12.0.0.1, Culture=neutral, PublicKeyToken=535dd7fb7a6cf113". [C:\Users\me\source\repos\Nexen\Benchmarks\Nexen.Benchmarks.csproj]
C:\Program Files\Microsoft Visual Studio\18\Insiders\MSBuild\Current\Bin\Microsoft.Common.CurrentVersion.targets(2451,5): warning MSB3277:     "Dock.Model, Version=11.3.11.7, Culture=neutral, PublicKeyToken=535dd7fb7a6cf113" was chosen because it was primary and "Dock.Model, Version=12.0.0.1, Culture=neutral, PublicKeyToken=535dd7fb7a6cf113" was not. [C:\Users\me\source\repos\Nexen\Benchmarks\Nexen.Benchmarks.csproj]
C:\Program Files\Microsoft Visual Studio\18\Insiders\MSBuild\Current\Bin\Microsoft.Common.CurrentVersion.targets(2451,5): warning MSB3277:     References which depend on "Dock.Model, Version=11.3.11.7, Culture=neutral, PublicKeyToken=535dd7fb7a6cf113" [C:\Users\me\.nuget\packages\dock.model\11.3.11.7\lib\net10.0\Dock.Model.dll]. [C:\Users\me\source\repos\Nexen\Benchmarks\Nexen.Benchmarks.csproj]
C:\Program Files\Microsoft Visual Studio\18\Insiders\MSBuild\Current\Bin\Microsoft.Common.CurrentVersion.targets(2451,5): warning MSB3277:         C:\Users\me\.nuget\packages\dock.model\11.3.11.7\lib\net10.0\Dock.Model.dll [C:\Users\me\source\repos\Nexen\Benchmarks\Nexen.Benchmarks.csproj]
C:\Program Files\Microsoft Visual Studio\18\Insiders\MSBuild\Current\Bin\Microsoft.Common.CurrentVersion.targets(2451,5): warning MSB3277:           Project file item includes which caused reference "C:\Users\me\.nuget\packages\dock.model\11.3.11.7\lib\net10.0\Dock.Model.dll". [C:\Users\me\source\repos\Nexen\Benchmarks\Nexen.Benchmarks.csproj]
C:\Program Files\Microsoft Visual Studio\18\Insiders\MSBuild\Current\Bin\Microsoft.Common.CurrentVersion.targets(2451,5): warning MSB3277:             C:\Users\me\.nuget\packages\dock.model\11.3.11.7\lib\net10.0\Dock.Model.dll [C:\Users\me\source\repos\Nexen\Benchmarks\Nexen.Benchmarks.csproj]
C:\Program Files\Microsoft Visual Studio\18\Insiders\MSBuild\Current\Bin\Microsoft.Common.CurrentVersion.targets(2451,5): warning MSB3277:     References which depend on or have been unified to "Dock.Model, Version=12.0.0.1, Culture=neutral, PublicKeyToken=535dd7fb7a6cf113" []. [C:\Users\me\source\repos\Nexen\Benchmarks\Nexen.Benchmarks.csproj]
C:\Program Files\Microsoft Visual Studio\18\Insiders\MSBuild\Current\Bin\Microsoft.Common.CurrentVersion.targets(2451,5): warning MSB3277:         C:\Users\me\source\repos\Nexen\bin\win-x64\Release\Nexen.dll [C:\Users\me\source\repos\Nexen\Benchmarks\Nexen.Benchmarks.csproj]
C:\Program Files\Microsoft Visual Studio\18\Insiders\MSBuild\Current\Bin\Microsoft.Common.CurrentVersion.targets(2451,5): warning MSB3277:           Project file item includes which caused reference "C:\Users\me\source\repos\Nexen\bin\win-x64\Release\Nexen.dll". [C:\Users\me\source\repos\Nexen\Benchmarks\Nexen.Benchmarks.csproj]
C:\Program Files\Microsoft Visual Studio\18\Insiders\MSBuild\Current\Bin\Microsoft.Common.CurrentVersion.targets(2451,5): warning MSB3277:             C:\Users\me\source\repos\Nexen\bin\win-x64\Release\Nexen.dll [C:\Users\me\source\repos\Nexen\Benchmarks\Nexen.Benchmarks.csproj]
C:\Program Files\Microsoft Visual Studio\18\Insiders\MSBuild\Current\Bin\Microsoft.Common.CurrentVersion.targets(2451,5): warning MSB3277: Found conflicts between different versions of "Dock.Controls.Recycling.Model" that could not be resolved. [C:\Users\me\source\repos\Nexen\Benchmarks\Nexen.Benchmarks.csproj]
C:\Program Files\Microsoft Visual Studio\18\Insiders\MSBuild\Current\Bin\Microsoft.Common.CurrentVersion.targets(2451,5): warning MSB3277: There was a conflict between "Dock.Controls.Recycling.Model, Version=11.3.11.7, Culture=neutral, PublicKeyToken=535dd7fb7a6cf113" and "Dock.Controls.Recycling.Model, Version=12.0.0.1, Culture=neutral, PublicKeyToken=535dd7fb7a6cf113". [C:\Users\me\source\repos\Nexen\Benchmarks\Nexen.Benchmarks.csproj]
C:\Program Files\Microsoft Visual Studio\18\Insiders\MSBuild\Current\Bin\Microsoft.Common.CurrentVersion.targets(2451,5): warning MSB3277:     "Dock.Controls.Recycling.Model, Version=11.3.11.7, Culture=neutral, PublicKeyToken=535dd7fb7a6cf113" was chosen because it was primary and "Dock.Controls.Recycling.Model, Version=12.0.0.1, Culture=neutral, PublicKeyToken=535dd7fb7a6cf113" was not. [C:\Users\me\source\repos\Nexen\Benchmarks\Nexen.Benchmarks.csproj]
C:\Program Files\Microsoft Visual Studio\18\Insiders\MSBuild\Current\Bin\Microsoft.Common.CurrentVersion.targets(2451,5): warning MSB3277:     References which depend on "Dock.Controls.Recycling.Model, Version=11.3.11.7, Culture=neutral, PublicKeyToken=535dd7fb7a6cf113" [C:\Users\me\.nuget\packages\dock.controls.recycling.model\11.3.11.7\lib\net10.0\Dock.Controls.Recycling.Model.dll]. [C:\Users\me\source\repos\Nexen\Benchmarks\Nexen.Benchmarks.csproj]
C:\Program Files\Microsoft Visual Studio\18\Insiders\MSBuild\Current\Bin\Microsoft.Common.CurrentVersion.targets(2451,5): warning MSB3277:         C:\Users\me\.nuget\packages\dock.controls.recycling.model\11.3.11.7\lib\net10.0\Dock.Controls.Recycling.Model.dll [C:\Users\me\source\repos\Nexen\Benchmarks\Nexen.Benchmarks.csproj]
C:\Program Files\Microsoft Visual Studio\18\Insiders\MSBuild\Current\Bin\Microsoft.Common.CurrentVersion.targets(2451,5): warning MSB3277:           Project file item includes which caused reference "C:\Users\me\.nuget\packages\dock.controls.recycling.model\11.3.11.7\lib\net10.0\Dock.Controls.Recycling.Model.dll". [C:\Users\me\source\repos\Nexen\Benchmarks\Nexen.Benchmarks.csproj]
C:\Program Files\Microsoft Visual Studio\18\Insiders\MSBuild\Current\Bin\Microsoft.Common.CurrentVersion.targets(2451,5): warning MSB3277:             C:\Users\me\.nuget\packages\dock.controls.recycling.model\11.3.11.7\lib\net10.0\Dock.Controls.Recycling.Model.dll [C:\Users\me\source\repos\Nexen\Benchmarks\Nexen.Benchmarks.csproj]
C:\Program Files\Microsoft Visual Studio\18\Insiders\MSBuild\Current\Bin\Microsoft.Common.CurrentVersion.targets(2451,5): warning MSB3277:     References which depend on or have been unified to "Dock.Controls.Recycling.Model, Version=12.0.0.1, Culture=neutral, PublicKeyToken=535dd7fb7a6cf113" []. [C:\Users\me\source\repos\Nexen\Benchmarks\Nexen.Benchmarks.csproj]
C:\Program Files\Microsoft Visual Studio\18\Insiders\MSBuild\Current\Bin\Microsoft.Common.CurrentVersion.targets(2451,5): warning MSB3277:         C:\Users\me\source\repos\Nexen\bin\win-x64\Release\Nexen.dll [C:\Users\me\source\repos\Nexen\Benchmarks\Nexen.Benchmarks.csproj]
C:\Program Files\Microsoft Visual Studio\18\Insiders\MSBuild\Current\Bin\Microsoft.Common.CurrentVersion.targets(2451,5): warning MSB3277:           Project file item includes which caused reference "C:\Users\me\source\repos\Nexen\bin\win-x64\Release\Nexen.dll". [C:\Users\me\source\repos\Nexen\Benchmarks\Nexen.Benchmarks.csproj]
C:\Program Files\Microsoft Visual Studio\18\Insiders\MSBuild\Current\Bin\Microsoft.Common.CurrentVersion.targets(2451,5): warning MSB3277:             C:\Users\me\source\repos\Nexen\bin\win-x64\Release\Nexen.dll [C:\Users\me\source\repos\Nexen\Benchmarks\Nexen.Benchmarks.csproj]
C:\Program Files\Microsoft Visual Studio\18\Insiders\MSBuild\Current\Bin\Microsoft.Common.CurrentVersion.targets(2451,5): warning MSB3277: Found conflicts between different versions of "Avalonia.Base" that could not be resolved. [C:\Users\me\source\repos\Nexen\Benchmarks\Nexen.Benchmarks.csproj]
C:\Program Files\Microsoft Visual Studio\18\Insiders\MSBuild\Current\Bin\Microsoft.Common.CurrentVersion.targets(2451,5): warning MSB3277: There was a conflict between "Avalonia.Base, Version=11.3.11.0, Culture=neutral, PublicKeyToken=c8d484a7012f9a8b" and "Avalonia.Base, Version=12.0.0.0, Culture=neutral, PublicKeyToken=c8d484a7012f9a8b". [C:\Users\me\source\repos\Nexen\Benchmarks\Nexen.Benchmarks.csproj]
C:\Program Files\Microsoft Visual Studio\18\Insiders\MSBuild\Current\Bin\Microsoft.Common.CurrentVersion.targets(2451,5): warning MSB3277:     "Avalonia.Base, Version=11.3.11.0, Culture=neutral, PublicKeyToken=c8d484a7012f9a8b" was chosen because it was primary and "Avalonia.Base, Version=12.0.0.0, Culture=neutral, PublicKeyToken=c8d484a7012f9a8b" was not. [C:\Users\me\source\repos\Nexen\Benchmarks\Nexen.Benchmarks.csproj]
C:\Program Files\Microsoft Visual Studio\18\Insiders\MSBuild\Current\Bin\Microsoft.Common.CurrentVersion.targets(2451,5): warning MSB3277:     References which depend on "Avalonia.Base, Version=11.3.11.0, Culture=neutral, PublicKeyToken=c8d484a7012f9a8b" [C:\Users\me\.nuget\packages\avalonia\11.3.11\ref\net8.0\Avalonia.Base.dll]. [C:\Users\me\source\repos\Nexen\Benchmarks\Nexen.Benchmarks.csproj]
C:\Program Files\Microsoft Visual Studio\18\Insiders\MSBuild\Current\Bin\Microsoft.Common.CurrentVersion.targets(2451,5): warning MSB3277:         C:\Users\me\.nuget\packages\avalonia\11.3.11\ref\net8.0\Avalonia.Base.dll [C:\Users\me\source\repos\Nexen\Benchmarks\Nexen.Benchmarks.csproj]
C:\Program Files\Microsoft Visual Studio\18\Insiders\MSBuild\Current\Bin\Microsoft.Common.CurrentVersion.targets(2451,5): warning MSB3277:           Project file item includes which caused reference "C:\Users\me\.nuget\packages\avalonia\11.3.11\ref\net8.0\Avalonia.Base.dll". [C:\Users\me\source\repos\Nexen\Benchmarks\Nexen.Benchmarks.csproj]
C:\Program Files\Microsoft Visual Studio\18\Insiders\MSBuild\Current\Bin\Microsoft.Common.CurrentVersion.targets(2451,5): warning MSB3277:             C:\Users\me\.nuget\packages\avalonia\11.3.11\ref\net8.0\Avalonia.Base.dll [C:\Users\me\source\repos\Nexen\Benchmarks\Nexen.Benchmarks.csproj]
C:\Program Files\Microsoft Visual Studio\18\Insiders\MSBuild\Current\Bin\Microsoft.Common.CurrentVersion.targets(2451,5): warning MSB3277:     References which depend on or have been unified to "Avalonia.Base, Version=12.0.0.0, Culture=neutral, PublicKeyToken=c8d484a7012f9a8b" []. [C:\Users\me\source\repos\Nexen\Benchmarks\Nexen.Benchmarks.csproj]
C:\Program Files\Microsoft Visual Studio\18\Insiders\MSBuild\Current\Bin\Microsoft.Common.CurrentVersion.targets(2451,5): warning MSB3277:         C:\Users\me\source\repos\Nexen\bin\win-x64\Release\Nexen.dll [C:\Users\me\source\repos\Nexen\Benchmarks\Nexen.Benchmarks.csproj]
C:\Program Files\Microsoft Visual Studio\18\Insiders\MSBuild\Current\Bin\Microsoft.Common.CurrentVersion.targets(2451,5): warning MSB3277:           Project file item includes which caused reference "C:\Users\me\source\repos\Nexen\bin\win-x64\Release\Nexen.dll". [C:\Users\me\source\repos\Nexen\Benchmarks\Nexen.Benchmarks.csproj]
C:\Program Files\Microsoft Visual Studio\18\Insiders\MSBuild\Current\Bin\Microsoft.Common.CurrentVersion.targets(2451,5): warning MSB3277:             C:\Users\me\source\repos\Nexen\bin\win-x64\Release\Nexen.dll [C:\Users\me\source\repos\Nexen\Benchmarks\Nexen.Benchmarks.csproj]
C:\Program Files\Microsoft Visual Studio\18\Insiders\MSBuild\Current\Bin\Microsoft.Common.CurrentVersion.targets(2451,5): warning MSB3277:         C:\Users\me\source\repos\Nexen\bin\win-x64\Release\ReactiveUI.Avalonia.dll [C:\Users\me\source\repos\Nexen\Benchmarks\Nexen.Benchmarks.csproj]
C:\Program Files\Microsoft Visual Studio\18\Insiders\MSBuild\Current\Bin\Microsoft.Common.CurrentVersion.targets(2451,5): warning MSB3277:           Project file item includes which caused reference "C:\Users\me\source\repos\Nexen\bin\win-x64\Release\ReactiveUI.Avalonia.dll". [C:\Users\me\source\repos\Nexen\Benchmarks\Nexen.Benchmarks.csproj]
C:\Program Files\Microsoft Visual Studio\18\Insiders\MSBuild\Current\Bin\Microsoft.Common.CurrentVersion.targets(2451,5): warning MSB3277:             C:\Users\me\source\repos\Nexen\bin\win-x64\Release\Nexen.dll [C:\Users\me\source\repos\Nexen\Benchmarks\Nexen.Benchmarks.csproj]
C:\Program Files\Microsoft Visual Studio\18\Insiders\MSBuild\Current\Bin\Microsoft.Common.CurrentVersion.targets(2451,5): warning MSB3277: Found conflicts between different versions of "Avalonia.Controls" that could not be resolved. [C:\Users\me\source\repos\Nexen\Benchmarks\Nexen.Benchmarks.csproj]
C:\Program Files\Microsoft Visual Studio\18\Insiders\MSBuild\Current\Bin\Microsoft.Common.CurrentVersion.targets(2451,5): warning MSB3277: There was a conflict between "Avalonia.Controls, Version=11.3.11.0, Culture=neutral, PublicKeyToken=c8d484a7012f9a8b" and "Avalonia.Controls, Version=12.0.0.0, Culture=neutral, PublicKeyToken=c8d484a7012f9a8b". [C:\Users\me\source\repos\Nexen\Benchmarks\Nexen.Benchmarks.csproj]
C:\Program Files\Microsoft Visual Studio\18\Insiders\MSBuild\Current\Bin\Microsoft.Common.CurrentVersion.targets(2451,5): warning MSB3277:     "Avalonia.Controls, Version=11.3.11.0, Culture=neutral, PublicKeyToken=c8d484a7012f9a8b" was chosen because it was primary and "Avalonia.Controls, Version=12.0.0.0, Culture=neutral, PublicKeyToken=c8d484a7012f9a8b" was not. [C:\Users\me\source\repos\Nexen\Benchmarks\Nexen.Benchmarks.csproj]
C:\Program Files\Microsoft Visual Studio\18\Insiders\MSBuild\Current\Bin\Microsoft.Common.CurrentVersion.targets(2451,5): warning MSB3277:     References which depend on "Avalonia.Controls, Version=11.3.11.0, Culture=neutral, PublicKeyToken=c8d484a7012f9a8b" [C:\Users\me\.nuget\packages\avalonia\11.3.11\ref\net8.0\Avalonia.Controls.dll]. [C:\Users\me\source\repos\Nexen\Benchmarks\Nexen.Benchmarks.csproj]
C:\Program Files\Microsoft Visual Studio\18\Insiders\MSBuild\Current\Bin\Microsoft.Common.CurrentVersion.targets(2451,5): warning MSB3277:         C:\Users\me\.nuget\packages\avalonia\11.3.11\ref\net8.0\Avalonia.Controls.dll [C:\Users\me\source\repos\Nexen\Benchmarks\Nexen.Benchmarks.csproj]
C:\Program Files\Microsoft Visual Studio\18\Insiders\MSBuild\Current\Bin\Microsoft.Common.CurrentVersion.targets(2451,5): warning MSB3277:           Project file item includes which caused reference "C:\Users\me\.nuget\packages\avalonia\11.3.11\ref\net8.0\Avalonia.Controls.dll". [C:\Users\me\source\repos\Nexen\Benchmarks\Nexen.Benchmarks.csproj]
C:\Program Files\Microsoft Visual Studio\18\Insiders\MSBuild\Current\Bin\Microsoft.Common.CurrentVersion.targets(2451,5): warning MSB3277:             C:\Users\me\.nuget\packages\avalonia\11.3.11\ref\net8.0\Avalonia.Controls.dll [C:\Users\me\source\repos\Nexen\Benchmarks\Nexen.Benchmarks.csproj]
C:\Program Files\Microsoft Visual Studio\18\Insiders\MSBuild\Current\Bin\Microsoft.Common.CurrentVersion.targets(2451,5): warning MSB3277:     References which depend on or have been unified to "Avalonia.Controls, Version=12.0.0.0, Culture=neutral, PublicKeyToken=c8d484a7012f9a8b" []. [C:\Users\me\source\repos\Nexen\Benchmarks\Nexen.Benchmarks.csproj]
C:\Program Files\Microsoft Visual Studio\18\Insiders\MSBuild\Current\Bin\Microsoft.Common.CurrentVersion.targets(2451,5): warning MSB3277:         C:\Users\me\source\repos\Nexen\bin\win-x64\Release\Nexen.dll [C:\Users\me\source\repos\Nexen\Benchmarks\Nexen.Benchmarks.csproj]
C:\Program Files\Microsoft Visual Studio\18\Insiders\MSBuild\Current\Bin\Microsoft.Common.CurrentVersion.targets(2451,5): warning MSB3277:           Project file item includes which caused reference "C:\Users\me\source\repos\Nexen\bin\win-x64\Release\Nexen.dll". [C:\Users\me\source\repos\Nexen\Benchmarks\Nexen.Benchmarks.csproj]
C:\Program Files\Microsoft Visual Studio\18\Insiders\MSBuild\Current\Bin\Microsoft.Common.CurrentVersion.targets(2451,5): warning MSB3277:             C:\Users\me\source\repos\Nexen\bin\win-x64\Release\Nexen.dll [C:\Users\me\source\repos\Nexen\Benchmarks\Nexen.Benchmarks.csproj]
C:\Program Files\Microsoft Visual Studio\18\Insiders\MSBuild\Current\Bin\Microsoft.Common.CurrentVersion.targets(2451,5): warning MSB3277:         C:\Users\me\source\repos\Nexen\bin\win-x64\Release\ReactiveUI.Avalonia.dll [C:\Users\me\source\repos\Nexen\Benchmarks\Nexen.Benchmarks.csproj]
C:\Program Files\Microsoft Visual Studio\18\Insiders\MSBuild\Current\Bin\Microsoft.Common.CurrentVersion.targets(2451,5): warning MSB3277:           Project file item includes which caused reference "C:\Users\me\source\repos\Nexen\bin\win-x64\Release\ReactiveUI.Avalonia.dll". [C:\Users\me\source\repos\Nexen\Benchmarks\Nexen.Benchmarks.csproj]
C:\Program Files\Microsoft Visual Studio\18\Insiders\MSBuild\Current\Bin\Microsoft.Common.CurrentVersion.targets(2451,5): warning MSB3277:             C:\Users\me\source\repos\Nexen\bin\win-x64\Release\Nexen.dll [C:\Users\me\source\repos\Nexen\Benchmarks\Nexen.Benchmarks.csproj]
C:\Program Files\Microsoft Visual Studio\18\Insiders\MSBuild\Current\Bin\Microsoft.Common.CurrentVersion.targets(2451,5): warning MSB3277: Found conflicts between different versions of "Avalonia.Native" that could not be resolved. [C:\Users\me\source\repos\Nexen\Benchmarks\Nexen.Benchmarks.csproj]
C:\Program Files\Microsoft Visual Studio\18\Insiders\MSBuild\Current\Bin\Microsoft.Common.CurrentVersion.targets(2451,5): warning MSB3277: There was a conflict between "Avalonia.Native, Version=11.3.11.0, Culture=neutral, PublicKeyToken=c8d484a7012f9a8b" and "Avalonia.Native, Version=12.0.0.0, Culture=neutral, PublicKeyToken=c8d484a7012f9a8b". [C:\Users\me\source\repos\Nexen\Benchmarks\Nexen.Benchmarks.csproj]
C:\Program Files\Microsoft Visual Studio\18\Insiders\MSBuild\Current\Bin\Microsoft.Common.CurrentVersion.targets(2451,5): warning MSB3277:     "Avalonia.Native, Version=11.3.11.0, Culture=neutral, PublicKeyToken=c8d484a7012f9a8b" was chosen because it was primary and "Avalonia.Native, Version=12.0.0.0, Culture=neutral, PublicKeyToken=c8d484a7012f9a8b" was not. [C:\Users\me\source\repos\Nexen\Benchmarks\Nexen.Benchmarks.csproj]
C:\Program Files\Microsoft Visual Studio\18\Insiders\MSBuild\Current\Bin\Microsoft.Common.CurrentVersion.targets(2451,5): warning MSB3277:     References which depend on "Avalonia.Native, Version=11.3.11.0, Culture=neutral, PublicKeyToken=c8d484a7012f9a8b" [C:\Users\me\.nuget\packages\avalonia.native\11.3.11\lib\net8.0\Avalonia.Native.dll]. [C:\Users\me\source\repos\Nexen\Benchmarks\Nexen.Benchmarks.csproj]
C:\Program Files\Microsoft Visual Studio\18\Insiders\MSBuild\Current\Bin\Microsoft.Common.CurrentVersion.targets(2451,5): warning MSB3277:         C:\Users\me\.nuget\packages\avalonia.native\11.3.11\lib\net8.0\Avalonia.Native.dll [C:\Users\me\source\repos\Nexen\Benchmarks\Nexen.Benchmarks.csproj]
C:\Program Files\Microsoft Visual Studio\18\Insiders\MSBuild\Current\Bin\Microsoft.Common.CurrentVersion.targets(2451,5): warning MSB3277:           Project file item includes which caused reference "C:\Users\me\.nuget\packages\avalonia.native\11.3.11\lib\net8.0\Avalonia.Native.dll". [C:\Users\me\source\repos\Nexen\Benchmarks\Nexen.Benchmarks.csproj]
C:\Program Files\Microsoft Visual Studio\18\Insiders\MSBuild\Current\Bin\Microsoft.Common.CurrentVersion.targets(2451,5): warning MSB3277:             C:\Users\me\.nuget\packages\avalonia.native\11.3.11\lib\net8.0\Avalonia.Native.dll [C:\Users\me\source\repos\Nexen\Benchmarks\Nexen.Benchmarks.csproj]
C:\Program Files\Microsoft Visual Studio\18\Insiders\MSBuild\Current\Bin\Microsoft.Common.CurrentVersion.targets(2451,5): warning MSB3277:     References which depend on or have been unified to "Avalonia.Native, Version=12.0.0.0, Culture=neutral, PublicKeyToken=c8d484a7012f9a8b" []. [C:\Users\me\source\repos\Nexen\Benchmarks\Nexen.Benchmarks.csproj]
C:\Program Files\Microsoft Visual Studio\18\Insiders\MSBuild\Current\Bin\Microsoft.Common.CurrentVersion.targets(2451,5): warning MSB3277:         C:\Users\me\source\repos\Nexen\bin\win-x64\Release\Nexen.dll [C:\Users\me\source\repos\Nexen\Benchmarks\Nexen.Benchmarks.csproj]
C:\Program Files\Microsoft Visual Studio\18\Insiders\MSBuild\Current\Bin\Microsoft.Common.CurrentVersion.targets(2451,5): warning MSB3277:           Project file item includes which caused reference "C:\Users\me\source\repos\Nexen\bin\win-x64\Release\Nexen.dll". [C:\Users\me\source\repos\Nexen\Benchmarks\Nexen.Benchmarks.csproj]
C:\Program Files\Microsoft Visual Studio\18\Insiders\MSBuild\Current\Bin\Microsoft.Common.CurrentVersion.targets(2451,5): warning MSB3277:             C:\Users\me\source\repos\Nexen\bin\win-x64\Release\Nexen.dll [C:\Users\me\source\repos\Nexen\Benchmarks\Nexen.Benchmarks.csproj]
C:\Program Files\Microsoft Visual Studio\18\Insiders\MSBuild\Current\Bin\Microsoft.Common.CurrentVersion.targets(2451,5): warning MSB3277: Found conflicts between different versions of "System.Reactive" that could not be resolved. [C:\Users\me\source\repos\Nexen\Benchmarks\Nexen.Benchmarks.csproj]
C:\Program Files\Microsoft Visual Studio\18\Insiders\MSBuild\Current\Bin\Microsoft.Common.CurrentVersion.targets(2451,5): warning MSB3277: There was a conflict between "System.Reactive, Version=6.0.0.0, Culture=neutral, PublicKeyToken=94bc3704cddfc263" and "System.Reactive, Version=6.1.0.0, Culture=neutral, PublicKeyToken=94bc3704cddfc263". [C:\Users\me\source\repos\Nexen\Benchmarks\Nexen.Benchmarks.csproj]
C:\Program Files\Microsoft Visual Studio\18\Insiders\MSBuild\Current\Bin\Microsoft.Common.CurrentVersion.targets(2451,5): warning MSB3277:     "System.Reactive, Version=6.0.0.0, Culture=neutral, PublicKeyToken=94bc3704cddfc263" was chosen because it was primary and "System.Reactive, Version=6.1.0.0, Culture=neutral, PublicKeyToken=94bc3704cddfc263" was not. [C:\Users\me\source\repos\Nexen\Benchmarks\Nexen.Benchmarks.csproj]
C:\Program Files\Microsoft Visual Studio\18\Insiders\MSBuild\Current\Bin\Microsoft.Common.CurrentVersion.targets(2451,5): warning MSB3277:     References which depend on "System.Reactive, Version=6.0.0.0, Culture=neutral, PublicKeyToken=94bc3704cddfc263" [C:\Users\me\.nuget\packages\system.reactive\6.0.1\lib\net6.0\System.Reactive.dll]. [C:\Users\me\source\repos\Nexen\Benchmarks\Nexen.Benchmarks.csproj]
C:\Program Files\Microsoft Visual Studio\18\Insiders\MSBuild\Current\Bin\Microsoft.Common.CurrentVersion.targets(2451,5): warning MSB3277:         C:\Users\me\.nuget\packages\system.reactive\6.0.1\lib\net6.0\System.Reactive.dll [C:\Users\me\source\repos\Nexen\Benchmarks\Nexen.Benchmarks.csproj]
C:\Program Files\Microsoft Visual Studio\18\Insiders\MSBuild\Current\Bin\Microsoft.Common.CurrentVersion.targets(2451,5): warning MSB3277:           Project file item includes which caused reference "C:\Users\me\.nuget\packages\system.reactive\6.0.1\lib\net6.0\System.Reactive.dll". [C:\Users\me\source\repos\Nexen\Benchmarks\Nexen.Benchmarks.csproj]
C:\Program Files\Microsoft Visual Studio\18\Insiders\MSBuild\Current\Bin\Microsoft.Common.CurrentVersion.targets(2451,5): warning MSB3277:             C:\Users\me\.nuget\packages\system.reactive\6.0.1\lib\net6.0\System.Reactive.dll [C:\Users\me\source\repos\Nexen\Benchmarks\Nexen.Benchmarks.csproj]
C:\Program Files\Microsoft Visual Studio\18\Insiders\MSBuild\Current\Bin\Microsoft.Common.CurrentVersion.targets(2451,5): warning MSB3277:     References which depend on or have been unified to "System.Reactive, Version=6.1.0.0, Culture=neutral, PublicKeyToken=94bc3704cddfc263" []. [C:\Users\me\source\repos\Nexen\Benchmarks\Nexen.Benchmarks.csproj]
C:\Program Files\Microsoft Visual Studio\18\Insiders\MSBuild\Current\Bin\Microsoft.Common.CurrentVersion.targets(2451,5): warning MSB3277:         C:\Users\me\source\repos\Nexen\bin\win-x64\Release\Nexen.dll [C:\Users\me\source\repos\Nexen\Benchmarks\Nexen.Benchmarks.csproj]
C:\Program Files\Microsoft Visual Studio\18\Insiders\MSBuild\Current\Bin\Microsoft.Common.CurrentVersion.targets(2451,5): warning MSB3277:           Project file item includes which caused reference "C:\Users\me\source\repos\Nexen\bin\win-x64\Release\Nexen.dll". [C:\Users\me\source\repos\Nexen\Benchmarks\Nexen.Benchmarks.csproj]
C:\Program Files\Microsoft Visual Studio\18\Insiders\MSBuild\Current\Bin\Microsoft.Common.CurrentVersion.targets(2451,5): warning MSB3277:             C:\Users\me\source\repos\Nexen\bin\win-x64\Release\Nexen.dll [C:\Users\me\source\repos\Nexen\Benchmarks\Nexen.Benchmarks.csproj]
C:\Program Files\Microsoft Visual Studio\18\Insiders\MSBuild\Current\Bin\Microsoft.Common.CurrentVersion.targets(2451,5): warning MSB3277:         C:\Users\me\source\repos\Nexen\bin\win-x64\Release\ReactiveUI.Avalonia.dll [C:\Users\me\source\repos\Nexen\Benchmarks\Nexen.Benchmarks.csproj]
C:\Program Files\Microsoft Visual Studio\18\Insiders\MSBuild\Current\Bin\Microsoft.Common.CurrentVersion.targets(2451,5): warning MSB3277:           Project file item includes which caused reference "C:\Users\me\source\repos\Nexen\bin\win-x64\Release\ReactiveUI.Avalonia.dll". [C:\Users\me\source\repos\Nexen\Benchmarks\Nexen.Benchmarks.csproj]
C:\Program Files\Microsoft Visual Studio\18\Insiders\MSBuild\Current\Bin\Microsoft.Common.CurrentVersion.targets(2451,5): warning MSB3277:             C:\Users\me\source\repos\Nexen\bin\win-x64\Release\Nexen.dll [C:\Users\me\source\repos\Nexen\Benchmarks\Nexen.Benchmarks.csproj]
C:\Program Files\Microsoft Visual Studio\18\Insiders\MSBuild\Current\Bin\Microsoft.Common.CurrentVersion.targets(2451,5): warning MSB3277: Found conflicts between different versions of "Avalonia.Markup.Xaml" that could not be resolved. [C:\Users\me\source\repos\Nexen\Benchmarks\Nexen.Benchmarks.csproj]
C:\Program Files\Microsoft Visual Studio\18\Insiders\MSBuild\Current\Bin\Microsoft.Common.CurrentVersion.targets(2451,5): warning MSB3277: There was a conflict between "Avalonia.Markup.Xaml, Version=11.3.11.0, Culture=neutral, PublicKeyToken=c8d484a7012f9a8b" and "Avalonia.Markup.Xaml, Version=12.0.0.0, Culture=neutral, PublicKeyToken=c8d484a7012f9a8b". [C:\Users\me\source\repos\Nexen\Benchmarks\Nexen.Benchmarks.csproj]
C:\Program Files\Microsoft Visual Studio\18\Insiders\MSBuild\Current\Bin\Microsoft.Common.CurrentVersion.targets(2451,5): warning MSB3277:     "Avalonia.Markup.Xaml, Version=11.3.11.0, Culture=neutral, PublicKeyToken=c8d484a7012f9a8b" was chosen because it was primary and "Avalonia.Markup.Xaml, Version=12.0.0.0, Culture=neutral, PublicKeyToken=c8d484a7012f9a8b" was not. [C:\Users\me\source\repos\Nexen\Benchmarks\Nexen.Benchmarks.csproj]
C:\Program Files\Microsoft Visual Studio\18\Insiders\MSBuild\Current\Bin\Microsoft.Common.CurrentVersion.targets(2451,5): warning MSB3277:     References which depend on "Avalonia.Markup.Xaml, Version=11.3.11.0, Culture=neutral, PublicKeyToken=c8d484a7012f9a8b" [C:\Users\me\.nuget\packages\avalonia\11.3.11\ref\net8.0\Avalonia.Markup.Xaml.dll]. [C:\Users\me\source\repos\Nexen\Benchmarks\Nexen.Benchmarks.csproj]
C:\Program Files\Microsoft Visual Studio\18\Insiders\MSBuild\Current\Bin\Microsoft.Common.CurrentVersion.targets(2451,5): warning MSB3277:         C:\Users\me\.nuget\packages\avalonia\11.3.11\ref\net8.0\Avalonia.Markup.Xaml.dll [C:\Users\me\source\repos\Nexen\Benchmarks\Nexen.Benchmarks.csproj]
C:\Program Files\Microsoft Visual Studio\18\Insiders\MSBuild\Current\Bin\Microsoft.Common.CurrentVersion.targets(2451,5): warning MSB3277:           Project file item includes which caused reference "C:\Users\me\.nuget\packages\avalonia\11.3.11\ref\net8.0\Avalonia.Markup.Xaml.dll". [C:\Users\me\source\repos\Nexen\Benchmarks\Nexen.Benchmarks.csproj]
C:\Program Files\Microsoft Visual Studio\18\Insiders\MSBuild\Current\Bin\Microsoft.Common.CurrentVersion.targets(2451,5): warning MSB3277:             C:\Users\me\.nuget\packages\avalonia\11.3.11\ref\net8.0\Avalonia.Markup.Xaml.dll [C:\Users\me\source\repos\Nexen\Benchmarks\Nexen.Benchmarks.csproj]
C:\Program Files\Microsoft Visual Studio\18\Insiders\MSBuild\Current\Bin\Microsoft.Common.CurrentVersion.targets(2451,5): warning MSB3277:     References which depend on or have been unified to "Avalonia.Markup.Xaml, Version=12.0.0.0, Culture=neutral, PublicKeyToken=c8d484a7012f9a8b" []. [C:\Users\me\source\repos\Nexen\Benchmarks\Nexen.Benchmarks.csproj]
C:\Program Files\Microsoft Visual Studio\18\Insiders\MSBuild\Current\Bin\Microsoft.Common.CurrentVersion.targets(2451,5): warning MSB3277:         C:\Users\me\source\repos\Nexen\bin\win-x64\Release\Nexen.dll [C:\Users\me\source\repos\Nexen\Benchmarks\Nexen.Benchmarks.csproj]
C:\Program Files\Microsoft Visual Studio\18\Insiders\MSBuild\Current\Bin\Microsoft.Common.CurrentVersion.targets(2451,5): warning MSB3277:           Project file item includes which caused reference "C:\Users\me\source\repos\Nexen\bin\win-x64\Release\Nexen.dll". [C:\Users\me\source\repos\Nexen\Benchmarks\Nexen.Benchmarks.csproj]
C:\Program Files\Microsoft Visual Studio\18\Insiders\MSBuild\Current\Bin\Microsoft.Common.CurrentVersion.targets(2451,5): warning MSB3277:             C:\Users\me\source\repos\Nexen\bin\win-x64\Release\Nexen.dll [C:\Users\me\source\repos\Nexen\Benchmarks\Nexen.Benchmarks.csproj]
C:\Program Files\Microsoft Visual Studio\18\Insiders\MSBuild\Current\Bin\Microsoft.Common.CurrentVersion.targets(2451,5): warning MSB3277: Found conflicts between different versions of "AvaloniaEdit" that could not be resolved. [C:\Users\me\source\repos\Nexen\Benchmarks\Nexen.Benchmarks.csproj]
C:\Program Files\Microsoft Visual Studio\18\Insiders\MSBuild\Current\Bin\Microsoft.Common.CurrentVersion.targets(2451,5): warning MSB3277: There was a conflict between "AvaloniaEdit, Version=11.3.0.0, Culture=neutral, PublicKeyToken=c8d484a7012f9a8b" and "AvaloniaEdit, Version=12.0.0.0, Culture=neutral, PublicKeyToken=c8d484a7012f9a8b". [C:\Users\me\source\repos\Nexen\Benchmarks\Nexen.Benchmarks.csproj]
C:\Program Files\Microsoft Visual Studio\18\Insiders\MSBuild\Current\Bin\Microsoft.Common.CurrentVersion.targets(2451,5): warning MSB3277:     "AvaloniaEdit, Version=11.3.0.0, Culture=neutral, PublicKeyToken=c8d484a7012f9a8b" was chosen because it was primary and "AvaloniaEdit, Version=12.0.0.0, Culture=neutral, PublicKeyToken=c8d484a7012f9a8b" was not. [C:\Users\me\source\repos\Nexen\Benchmarks\Nexen.Benchmarks.csproj]
C:\Program Files\Microsoft Visual Studio\18\Insiders\MSBuild\Current\Bin\Microsoft.Common.CurrentVersion.targets(2451,5): warning MSB3277:     References which depend on "AvaloniaEdit, Version=11.3.0.0, Culture=neutral, PublicKeyToken=c8d484a7012f9a8b" [C:\Users\me\.nuget\packages\avalonia.avaloniaedit\11.4.1\lib\net6.0\AvaloniaEdit.dll]. [C:\Users\me\source\repos\Nexen\Benchmarks\Nexen.Benchmarks.csproj]
C:\Program Files\Microsoft Visual Studio\18\Insiders\MSBuild\Current\Bin\Microsoft.Common.CurrentVersion.targets(2451,5): warning MSB3277:         C:\Users\me\.nuget\packages\avalonia.avaloniaedit\11.4.1\lib\net6.0\AvaloniaEdit.dll [C:\Users\me\source\repos\Nexen\Benchmarks\Nexen.Benchmarks.csproj]
C:\Program Files\Microsoft Visual Studio\18\Insiders\MSBuild\Current\Bin\Microsoft.Common.CurrentVersion.targets(2451,5): warning MSB3277:           Project file item includes which caused reference "C:\Users\me\.nuget\packages\avalonia.avaloniaedit\11.4.1\lib\net6.0\AvaloniaEdit.dll". [C:\Users\me\source\repos\Nexen\Benchmarks\Nexen.Benchmarks.csproj]
C:\Program Files\Microsoft Visual Studio\18\Insiders\MSBuild\Current\Bin\Microsoft.Common.CurrentVersion.targets(2451,5): warning MSB3277:             C:\Users\me\.nuget\packages\avalonia.avaloniaedit\11.4.1\lib\net6.0\AvaloniaEdit.dll [C:\Users\me\source\repos\Nexen\Benchmarks\Nexen.Benchmarks.csproj]
C:\Program Files\Microsoft Visual Studio\18\Insiders\MSBuild\Current\Bin\Microsoft.Common.CurrentVersion.targets(2451,5): warning MSB3277:     References which depend on or have been unified to "AvaloniaEdit, Version=12.0.0.0, Culture=neutral, PublicKeyToken=c8d484a7012f9a8b" []. [C:\Users\me\source\repos\Nexen\Benchmarks\Nexen.Benchmarks.csproj]
C:\Program Files\Microsoft Visual Studio\18\Insiders\MSBuild\Current\Bin\Microsoft.Common.CurrentVersion.targets(2451,5): warning MSB3277:         C:\Users\me\source\repos\Nexen\bin\win-x64\Release\Nexen.dll [C:\Users\me\source\repos\Nexen\Benchmarks\Nexen.Benchmarks.csproj]
C:\Program Files\Microsoft Visual Studio\18\Insiders\MSBuild\Current\Bin\Microsoft.Common.CurrentVersion.targets(2451,5): warning MSB3277:           Project file item includes which caused reference "C:\Users\me\source\repos\Nexen\bin\win-x64\Release\Nexen.dll". [C:\Users\me\source\repos\Nexen\Benchmarks\Nexen.Benchmarks.csproj]
C:\Program Files\Microsoft Visual Studio\18\Insiders\MSBuild\Current\Bin\Microsoft.Common.CurrentVersion.targets(2451,5): warning MSB3277:             C:\Users\me\source\repos\Nexen\bin\win-x64\Release\Nexen.dll [C:\Users\me\source\repos\Nexen\Benchmarks\Nexen.Benchmarks.csproj]
C:\Program Files\Microsoft Visual Studio\18\Insiders\MSBuild\Current\Bin\Microsoft.Common.CurrentVersion.targets(2451,5): warning MSB3277: Found conflicts between different versions of "Avalonia.Controls.DataGrid" that could not be resolved. [C:\Users\me\source\repos\Nexen\Benchmarks\Nexen.Benchmarks.csproj]
C:\Program Files\Microsoft Visual Studio\18\Insiders\MSBuild\Current\Bin\Microsoft.Common.CurrentVersion.targets(2451,5): warning MSB3277: There was a conflict between "Avalonia.Controls.DataGrid, Version=11.3.11.0, Culture=neutral, PublicKeyToken=c8d484a7012f9a8b" and "Avalonia.Controls.DataGrid, Version=12.0.0.0, Culture=neutral, PublicKeyToken=c8d484a7012f9a8b". [C:\Users\me\source\repos\Nexen\Benchmarks\Nexen.Benchmarks.csproj]
C:\Program Files\Microsoft Visual Studio\18\Insiders\MSBuild\Current\Bin\Microsoft.Common.CurrentVersion.targets(2451,5): warning MSB3277:     "Avalonia.Controls.DataGrid, Version=11.3.11.0, Culture=neutral, PublicKeyToken=c8d484a7012f9a8b" was chosen because it was primary and "Avalonia.Controls.DataGrid, Version=12.0.0.0, Culture=neutral, PublicKeyToken=c8d484a7012f9a8b" was not. [C:\Users\me\source\repos\Nexen\Benchmarks\Nexen.Benchmarks.csproj]
C:\Program Files\Microsoft Visual Studio\18\Insiders\MSBuild\Current\Bin\Microsoft.Common.CurrentVersion.targets(2451,5): warning MSB3277:     References which depend on "Avalonia.Controls.DataGrid, Version=11.3.11.0, Culture=neutral, PublicKeyToken=c8d484a7012f9a8b" [C:\Users\me\.nuget\packages\avalonia.controls.datagrid\11.3.11\lib\net8.0\Avalonia.Controls.DataGrid.dll]. [C:\Users\me\source\repos\Nexen\Benchmarks\Nexen.Benchmarks.csproj]
C:\Program Files\Microsoft Visual Studio\18\Insiders\MSBuild\Current\Bin\Microsoft.Common.CurrentVersion.targets(2451,5): warning MSB3277:         C:\Users\me\.nuget\packages\avalonia.controls.datagrid\11.3.11\lib\net8.0\Avalonia.Controls.DataGrid.dll [C:\Users\me\source\repos\Nexen\Benchmarks\Nexen.Benchmarks.csproj]
C:\Program Files\Microsoft Visual Studio\18\Insiders\MSBuild\Current\Bin\Microsoft.Common.CurrentVersion.targets(2451,5): warning MSB3277:           Project file item includes which caused reference "C:\Users\me\.nuget\packages\avalonia.controls.datagrid\11.3.11\lib\net8.0\Avalonia.Controls.DataGrid.dll". [C:\Users\me\source\repos\Nexen\Benchmarks\Nexen.Benchmarks.csproj]
C:\Program Files\Microsoft Visual Studio\18\Insiders\MSBuild\Current\Bin\Microsoft.Common.CurrentVersion.targets(2451,5): warning MSB3277:             C:\Users\me\.nuget\packages\avalonia.controls.datagrid\11.3.11\lib\net8.0\Avalonia.Controls.DataGrid.dll [C:\Users\me\source\repos\Nexen\Benchmarks\Nexen.Benchmarks.csproj]
C:\Program Files\Microsoft Visual Studio\18\Insiders\MSBuild\Current\Bin\Microsoft.Common.CurrentVersion.targets(2451,5): warning MSB3277:     References which depend on or have been unified to "Avalonia.Controls.DataGrid, Version=12.0.0.0, Culture=neutral, PublicKeyToken=c8d484a7012f9a8b" []. [C:\Users\me\source\repos\Nexen\Benchmarks\Nexen.Benchmarks.csproj]
C:\Program Files\Microsoft Visual Studio\18\Insiders\MSBuild\Current\Bin\Microsoft.Common.CurrentVersion.targets(2451,5): warning MSB3277:         C:\Users\me\source\repos\Nexen\bin\win-x64\Release\Nexen.dll [C:\Users\me\source\repos\Nexen\Benchmarks\Nexen.Benchmarks.csproj]
C:\Program Files\Microsoft Visual Studio\18\Insiders\MSBuild\Current\Bin\Microsoft.Common.CurrentVersion.targets(2451,5): warning MSB3277:           Project file item includes which caused reference "C:\Users\me\source\repos\Nexen\bin\win-x64\Release\Nexen.dll". [C:\Users\me\source\repos\Nexen\Benchmarks\Nexen.Benchmarks.csproj]
C:\Program Files\Microsoft Visual Studio\18\Insiders\MSBuild\Current\Bin\Microsoft.Common.CurrentVersion.targets(2451,5): warning MSB3277:             C:\Users\me\source\repos\Nexen\bin\win-x64\Release\Nexen.dll [C:\Users\me\source\repos\Nexen\Benchmarks\Nexen.Benchmarks.csproj]
C:\Program Files\Microsoft Visual Studio\18\Insiders\MSBuild\Current\Bin\Microsoft.Common.CurrentVersion.targets(2451,5): warning MSB3277: Found conflicts between different versions of "SkiaSharp" that could not be resolved. [C:\Users\me\source\repos\Nexen\Benchmarks\Nexen.Benchmarks.csproj]
C:\Program Files\Microsoft Visual Studio\18\Insiders\MSBuild\Current\Bin\Microsoft.Common.CurrentVersion.targets(2451,5): warning MSB3277: There was a conflict between "SkiaSharp, Version=3.116.0.0, Culture=neutral, PublicKeyToken=0738eb9f132ed756" and "SkiaSharp, Version=3.119.0.0, Culture=neutral, PublicKeyToken=0738eb9f132ed756". [C:\Users\me\source\repos\Nexen\Benchmarks\Nexen.Benchmarks.csproj]
C:\Program Files\Microsoft Visual Studio\18\Insiders\MSBuild\Current\Bin\Microsoft.Common.CurrentVersion.targets(2451,5): warning MSB3277:     "SkiaSharp, Version=3.116.0.0, Culture=neutral, PublicKeyToken=0738eb9f132ed756" was chosen because it was primary and "SkiaSharp, Version=3.119.0.0, Culture=neutral, PublicKeyToken=0738eb9f132ed756" was not. [C:\Users\me\source\repos\Nexen\Benchmarks\Nexen.Benchmarks.csproj]
C:\Program Files\Microsoft Visual Studio\18\Insiders\MSBuild\Current\Bin\Microsoft.Common.CurrentVersion.targets(2451,5): warning MSB3277:     References which depend on "SkiaSharp, Version=3.116.0.0, Culture=neutral, PublicKeyToken=0738eb9f132ed756" [C:\Users\me\.nuget\packages\skiasharp\3.116.1\ref\net8.0\SkiaSharp.dll]. [C:\Users\me\source\repos\Nexen\Benchmarks\Nexen.Benchmarks.csproj]
C:\Program Files\Microsoft Visual Studio\18\Insiders\MSBuild\Current\Bin\Microsoft.Common.CurrentVersion.targets(2451,5): warning MSB3277:         C:\Users\me\.nuget\packages\skiasharp\3.116.1\ref\net8.0\SkiaSharp.dll [C:\Users\me\source\repos\Nexen\Benchmarks\Nexen.Benchmarks.csproj]
C:\Program Files\Microsoft Visual Studio\18\Insiders\MSBuild\Current\Bin\Microsoft.Common.CurrentVersion.targets(2451,5): warning MSB3277:           Project file item includes which caused reference "C:\Users\me\.nuget\packages\skiasharp\3.116.1\ref\net8.0\SkiaSharp.dll". [C:\Users\me\source\repos\Nexen\Benchmarks\Nexen.Benchmarks.csproj]
C:\Program Files\Microsoft Visual Studio\18\Insiders\MSBuild\Current\Bin\Microsoft.Common.CurrentVersion.targets(2451,5): warning MSB3277:             C:\Users\me\.nuget\packages\skiasharp\3.116.1\ref\net8.0\SkiaSharp.dll [C:\Users\me\source\repos\Nexen\Benchmarks\Nexen.Benchmarks.csproj]
C:\Program Files\Microsoft Visual Studio\18\Insiders\MSBuild\Current\Bin\Microsoft.Common.CurrentVersion.targets(2451,5): warning MSB3277:     References which depend on or have been unified to "SkiaSharp, Version=3.119.0.0, Culture=neutral, PublicKeyToken=0738eb9f132ed756" []. [C:\Users\me\source\repos\Nexen\Benchmarks\Nexen.Benchmarks.csproj]
C:\Program Files\Microsoft Visual Studio\18\Insiders\MSBuild\Current\Bin\Microsoft.Common.CurrentVersion.targets(2451,5): warning MSB3277:         C:\Users\me\source\repos\Nexen\bin\win-x64\Release\Nexen.dll [C:\Users\me\source\repos\Nexen\Benchmarks\Nexen.Benchmarks.csproj]
C:\Program Files\Microsoft Visual Studio\18\Insiders\MSBuild\Current\Bin\Microsoft.Common.CurrentVersion.targets(2451,5): warning MSB3277:           Project file item includes which caused reference "C:\Users\me\source\repos\Nexen\bin\win-x64\Release\Nexen.dll". [C:\Users\me\source\repos\Nexen\Benchmarks\Nexen.Benchmarks.csproj]
C:\Program Files\Microsoft Visual Studio\18\Insiders\MSBuild\Current\Bin\Microsoft.Common.CurrentVersion.targets(2451,5): warning MSB3277:             C:\Users\me\source\repos\Nexen\bin\win-x64\Release\Nexen.dll [C:\Users\me\source\repos\Nexen\Benchmarks\Nexen.Benchmarks.csproj]
C:\Program Files\Microsoft Visual Studio\18\Insiders\MSBuild\Current\Bin\Microsoft.Common.CurrentVersion.targets(2451,5): warning MSB3277: Found conflicts between different versions of "Avalonia.Skia" that could not be resolved. [C:\Users\me\source\repos\Nexen\Benchmarks\Nexen.Benchmarks.csproj]
C:\Program Files\Microsoft Visual Studio\18\Insiders\MSBuild\Current\Bin\Microsoft.Common.CurrentVersion.targets(2451,5): warning MSB3277: There was a conflict between "Avalonia.Skia, Version=11.3.11.0, Culture=neutral, PublicKeyToken=c8d484a7012f9a8b" and "Avalonia.Skia, Version=12.0.0.0, Culture=neutral, PublicKeyToken=c8d484a7012f9a8b". [C:\Users\me\source\repos\Nexen\Benchmarks\Nexen.Benchmarks.csproj]
C:\Program Files\Microsoft Visual Studio\18\Insiders\MSBuild\Current\Bin\Microsoft.Common.CurrentVersion.targets(2451,5): warning MSB3277:     "Avalonia.Skia, Version=11.3.11.0, Culture=neutral, PublicKeyToken=c8d484a7012f9a8b" was chosen because it was primary and "Avalonia.Skia, Version=12.0.0.0, Culture=neutral, PublicKeyToken=c8d484a7012f9a8b" was not. [C:\Users\me\source\repos\Nexen\Benchmarks\Nexen.Benchmarks.csproj]
C:\Program Files\Microsoft Visual Studio\18\Insiders\MSBuild\Current\Bin\Microsoft.Common.CurrentVersion.targets(2451,5): warning MSB3277:     References which depend on "Avalonia.Skia, Version=11.3.11.0, Culture=neutral, PublicKeyToken=c8d484a7012f9a8b" [C:\Users\me\.nuget\packages\avalonia.skia\11.3.11\lib\net8.0\Avalonia.Skia.dll]. [C:\Users\me\source\repos\Nexen\Benchmarks\Nexen.Benchmarks.csproj]
C:\Program Files\Microsoft Visual Studio\18\Insiders\MSBuild\Current\Bin\Microsoft.Common.CurrentVersion.targets(2451,5): warning MSB3277:         C:\Users\me\.nuget\packages\avalonia.skia\11.3.11\lib\net8.0\Avalonia.Skia.dll [C:\Users\me\source\repos\Nexen\Benchmarks\Nexen.Benchmarks.csproj]
C:\Program Files\Microsoft Visual Studio\18\Insiders\MSBuild\Current\Bin\Microsoft.Common.CurrentVersion.targets(2451,5): warning MSB3277:           Project file item includes which caused reference "C:\Users\me\.nuget\packages\avalonia.skia\11.3.11\lib\net8.0\Avalonia.Skia.dll". [C:\Users\me\source\repos\Nexen\Benchmarks\Nexen.Benchmarks.csproj]
C:\Program Files\Microsoft Visual Studio\18\Insiders\MSBuild\Current\Bin\Microsoft.Common.CurrentVersion.targets(2451,5): warning MSB3277:             C:\Users\me\.nuget\packages\avalonia.skia\11.3.11\lib\net8.0\Avalonia.Skia.dll [C:\Users\me\source\repos\Nexen\Benchmarks\Nexen.Benchmarks.csproj]
C:\Program Files\Microsoft Visual Studio\18\Insiders\MSBuild\Current\Bin\Microsoft.Common.CurrentVersion.targets(2451,5): warning MSB3277:     References which depend on or have been unified to "Avalonia.Skia, Version=12.0.0.0, Culture=neutral, PublicKeyToken=c8d484a7012f9a8b" []. [C:\Users\me\source\repos\Nexen\Benchmarks\Nexen.Benchmarks.csproj]
C:\Program Files\Microsoft Visual Studio\18\Insiders\MSBuild\Current\Bin\Microsoft.Common.CurrentVersion.targets(2451,5): warning MSB3277:         C:\Users\me\source\repos\Nexen\bin\win-x64\Release\Nexen.dll [C:\Users\me\source\repos\Nexen\Benchmarks\Nexen.Benchmarks.csproj]
C:\Program Files\Microsoft Visual Studio\18\Insiders\MSBuild\Current\Bin\Microsoft.Common.CurrentVersion.targets(2451,5): warning MSB3277:           Project file item includes which caused reference "C:\Users\me\source\repos\Nexen\bin\win-x64\Release\Nexen.dll". [C:\Users\me\source\repos\Nexen\Benchmarks\Nexen.Benchmarks.csproj]
C:\Program Files\Microsoft Visual Studio\18\Insiders\MSBuild\Current\Bin\Microsoft.Common.CurrentVersion.targets(2451,5): warning MSB3277:             C:\Users\me\source\repos\Nexen\bin\win-x64\Release\Nexen.dll [C:\Users\me\source\repos\Nexen\Benchmarks\Nexen.Benchmarks.csproj]
C:\Program Files\Microsoft Visual Studio\18\Insiders\MSBuild\Current\Bin\Microsoft.Common.CurrentVersion.targets(2451,5): warning MSB3277: Found conflicts between different versions of "Avalonia.Markup" that could not be resolved. [C:\Users\me\source\repos\Nexen\Benchmarks\Nexen.Benchmarks.csproj]
C:\Program Files\Microsoft Visual Studio\18\Insiders\MSBuild\Current\Bin\Microsoft.Common.CurrentVersion.targets(2451,5): warning MSB3277: There was a conflict between "Avalonia.Markup, Version=11.3.11.0, Culture=neutral, PublicKeyToken=c8d484a7012f9a8b" and "Avalonia.Markup, Version=12.0.0.0, Culture=neutral, PublicKeyToken=c8d484a7012f9a8b". [C:\Users\me\source\repos\Nexen\Benchmarks\Nexen.Benchmarks.csproj]
C:\Program Files\Microsoft Visual Studio\18\Insiders\MSBuild\Current\Bin\Microsoft.Common.CurrentVersion.targets(2451,5): warning MSB3277:     "Avalonia.Markup, Version=11.3.11.0, Culture=neutral, PublicKeyToken=c8d484a7012f9a8b" was chosen because it was primary and "Avalonia.Markup, Version=12.0.0.0, Culture=neutral, PublicKeyToken=c8d484a7012f9a8b" was not. [C:\Users\me\source\repos\Nexen\Benchmarks\Nexen.Benchmarks.csproj]
C:\Program Files\Microsoft Visual Studio\18\Insiders\MSBuild\Current\Bin\Microsoft.Common.CurrentVersion.targets(2451,5): warning MSB3277:     References which depend on "Avalonia.Markup, Version=11.3.11.0, Culture=neutral, PublicKeyToken=c8d484a7012f9a8b" [C:\Users\me\.nuget\packages\avalonia\11.3.11\ref\net8.0\Avalonia.Markup.dll]. [C:\Users\me\source\repos\Nexen\Benchmarks\Nexen.Benchmarks.csproj]
C:\Program Files\Microsoft Visual Studio\18\Insiders\MSBuild\Current\Bin\Microsoft.Common.CurrentVersion.targets(2451,5): warning MSB3277:         C:\Users\me\.nuget\packages\avalonia\11.3.11\ref\net8.0\Avalonia.Markup.dll [C:\Users\me\source\repos\Nexen\Benchmarks\Nexen.Benchmarks.csproj]
C:\Program Files\Microsoft Visual Studio\18\Insiders\MSBuild\Current\Bin\Microsoft.Common.CurrentVersion.targets(2451,5): warning MSB3277:           Project file item includes which caused reference "C:\Users\me\.nuget\packages\avalonia\11.3.11\ref\net8.0\Avalonia.Markup.dll". [C:\Users\me\source\repos\Nexen\Benchmarks\Nexen.Benchmarks.csproj]
C:\Program Files\Microsoft Visual Studio\18\Insiders\MSBuild\Current\Bin\Microsoft.Common.CurrentVersion.targets(2451,5): warning MSB3277:             C:\Users\me\.nuget\packages\avalonia\11.3.11\ref\net8.0\Avalonia.Markup.dll [C:\Users\me\source\repos\Nexen\Benchmarks\Nexen.Benchmarks.csproj]
C:\Program Files\Microsoft Visual Studio\18\Insiders\MSBuild\Current\Bin\Microsoft.Common.CurrentVersion.targets(2451,5): warning MSB3277:     References which depend on or have been unified to "Avalonia.Markup, Version=12.0.0.0, Culture=neutral, PublicKeyToken=c8d484a7012f9a8b" []. [C:\Users\me\source\repos\Nexen\Benchmarks\Nexen.Benchmarks.csproj]
C:\Program Files\Microsoft Visual Studio\18\Insiders\MSBuild\Current\Bin\Microsoft.Common.CurrentVersion.targets(2451,5): warning MSB3277:         C:\Users\me\source\repos\Nexen\bin\win-x64\Release\Nexen.dll [C:\Users\me\source\repos\Nexen\Benchmarks\Nexen.Benchmarks.csproj]
C:\Program Files\Microsoft Visual Studio\18\Insiders\MSBuild\Current\Bin\Microsoft.Common.CurrentVersion.targets(2451,5): warning MSB3277:           Project file item includes which caused reference "C:\Users\me\source\repos\Nexen\bin\win-x64\Release\Nexen.dll". [C:\Users\me\source\repos\Nexen\Benchmarks\Nexen.Benchmarks.csproj]
C:\Program Files\Microsoft Visual Studio\18\Insiders\MSBuild\Current\Bin\Microsoft.Common.CurrentVersion.targets(2451,5): warning MSB3277:             C:\Users\me\source\repos\Nexen\bin\win-x64\Release\Nexen.dll [C:\Users\me\source\repos\Nexen\Benchmarks\Nexen.Benchmarks.csproj]
C:\Program Files\Microsoft Visual Studio\18\Insiders\MSBuild\Current\Bin\Microsoft.Common.CurrentVersion.targets(2451,5): warning MSB3277: Found conflicts between different versions of "Svg.Skia" that could not be resolved. [C:\Users\me\source\repos\Nexen\Benchmarks\Nexen.Benchmarks.csproj]
C:\Program Files\Microsoft Visual Studio\18\Insiders\MSBuild\Current\Bin\Microsoft.Common.CurrentVersion.targets(2451,5): warning MSB3277: There was a conflict between "Svg.Skia, Version=3.0.2.0, Culture=neutral, PublicKeyToken=dafe96fe6c845a74" and "Svg.Skia, Version=4.0.0.0, Culture=neutral, PublicKeyToken=dafe96fe6c845a74". [C:\Users\me\source\repos\Nexen\Benchmarks\Nexen.Benchmarks.csproj]
C:\Program Files\Microsoft Visual Studio\18\Insiders\MSBuild\Current\Bin\Microsoft.Common.CurrentVersion.targets(2451,5): warning MSB3277:     "Svg.Skia, Version=3.0.2.0, Culture=neutral, PublicKeyToken=dafe96fe6c845a74" was chosen because it was primary and "Svg.Skia, Version=4.0.0.0, Culture=neutral, PublicKeyToken=dafe96fe6c845a74" was not. [C:\Users\me\source\repos\Nexen\Benchmarks\Nexen.Benchmarks.csproj]
C:\Program Files\Microsoft Visual Studio\18\Insiders\MSBuild\Current\Bin\Microsoft.Common.CurrentVersion.targets(2451,5): warning MSB3277:     References which depend on "Svg.Skia, Version=3.0.2.0, Culture=neutral, PublicKeyToken=dafe96fe6c845a74" [C:\Users\me\.nuget\packages\svg.skia\3.0.2\lib\net8.0\Svg.Skia.dll]. [C:\Users\me\source\repos\Nexen\Benchmarks\Nexen.Benchmarks.csproj]
C:\Program Files\Microsoft Visual Studio\18\Insiders\MSBuild\Current\Bin\Microsoft.Common.CurrentVersion.targets(2451,5): warning MSB3277:         C:\Users\me\.nuget\packages\svg.skia\3.0.2\lib\net8.0\Svg.Skia.dll [C:\Users\me\source\repos\Nexen\Benchmarks\Nexen.Benchmarks.csproj]
C:\Program Files\Microsoft Visual Studio\18\Insiders\MSBuild\Current\Bin\Microsoft.Common.CurrentVersion.targets(2451,5): warning MSB3277:           Project file item includes which caused reference "C:\Users\me\.nuget\packages\svg.skia\3.0.2\lib\net8.0\Svg.Skia.dll". [C:\Users\me\source\repos\Nexen\Benchmarks\Nexen.Benchmarks.csproj]
C:\Program Files\Microsoft Visual Studio\18\Insiders\MSBuild\Current\Bin\Microsoft.Common.CurrentVersion.targets(2451,5): warning MSB3277:             C:\Users\me\.nuget\packages\svg.skia\3.0.2\lib\net8.0\Svg.Skia.dll [C:\Users\me\source\repos\Nexen\Benchmarks\Nexen.Benchmarks.csproj]
C:\Program Files\Microsoft Visual Studio\18\Insiders\MSBuild\Current\Bin\Microsoft.Common.CurrentVersion.targets(2451,5): warning MSB3277:     References which depend on or have been unified to "Svg.Skia, Version=4.0.0.0, Culture=neutral, PublicKeyToken=dafe96fe6c845a74" []. [C:\Users\me\source\repos\Nexen\Benchmarks\Nexen.Benchmarks.csproj]
C:\Program Files\Microsoft Visual Studio\18\Insiders\MSBuild\Current\Bin\Microsoft.Common.CurrentVersion.targets(2451,5): warning MSB3277:         C:\Users\me\source\repos\Nexen\bin\win-x64\Release\Nexen.dll [C:\Users\me\source\repos\Nexen\Benchmarks\Nexen.Benchmarks.csproj]
C:\Program Files\Microsoft Visual Studio\18\Insiders\MSBuild\Current\Bin\Microsoft.Common.CurrentVersion.targets(2451,5): warning MSB3277:           Project file item includes which caused reference "C:\Users\me\source\repos\Nexen\bin\win-x64\Release\Nexen.dll". [C:\Users\me\source\repos\Nexen\Benchmarks\Nexen.Benchmarks.csproj]
C:\Program Files\Microsoft Visual Studio\18\Insiders\MSBuild\Current\Bin\Microsoft.Common.CurrentVersion.targets(2451,5): warning MSB3277:             C:\Users\me\source\repos\Nexen\bin\win-x64\Release\Nexen.dll [C:\Users\me\source\repos\Nexen\Benchmarks\Nexen.Benchmarks.csproj]
C:\Program Files\Microsoft Visual Studio\18\Insiders\MSBuild\Current\Bin\Microsoft.Common.CurrentVersion.targets(2451,5): warning MSB3277: Found conflicts between different versions of "Avalonia.Desktop" that could not be resolved. [C:\Users\me\source\repos\Nexen\Benchmarks\Nexen.Benchmarks.csproj]
C:\Program Files\Microsoft Visual Studio\18\Insiders\MSBuild\Current\Bin\Microsoft.Common.CurrentVersion.targets(2451,5): warning MSB3277: There was a conflict between "Avalonia.Desktop, Version=11.3.11.0, Culture=neutral, PublicKeyToken=c8d484a7012f9a8b" and "Avalonia.Desktop, Version=12.0.0.0, Culture=neutral, PublicKeyToken=c8d484a7012f9a8b". [C:\Users\me\source\repos\Nexen\Benchmarks\Nexen.Benchmarks.csproj]
C:\Program Files\Microsoft Visual Studio\18\Insiders\MSBuild\Current\Bin\Microsoft.Common.CurrentVersion.targets(2451,5): warning MSB3277:     "Avalonia.Desktop, Version=11.3.11.0, Culture=neutral, PublicKeyToken=c8d484a7012f9a8b" was chosen because it was primary and "Avalonia.Desktop, Version=12.0.0.0, Culture=neutral, PublicKeyToken=c8d484a7012f9a8b" was not. [C:\Users\me\source\repos\Nexen\Benchmarks\Nexen.Benchmarks.csproj]
C:\Program Files\Microsoft Visual Studio\18\Insiders\MSBuild\Current\Bin\Microsoft.Common.CurrentVersion.targets(2451,5): warning MSB3277:     References which depend on "Avalonia.Desktop, Version=11.3.11.0, Culture=neutral, PublicKeyToken=c8d484a7012f9a8b" [C:\Users\me\.nuget\packages\avalonia.desktop\11.3.11\lib\net8.0\Avalonia.Desktop.dll]. [C:\Users\me\source\repos\Nexen\Benchmarks\Nexen.Benchmarks.csproj]
C:\Program Files\Microsoft Visual Studio\18\Insiders\MSBuild\Current\Bin\Microsoft.Common.CurrentVersion.targets(2451,5): warning MSB3277:         C:\Users\me\.nuget\packages\avalonia.desktop\11.3.11\lib\net8.0\Avalonia.Desktop.dll [C:\Users\me\source\repos\Nexen\Benchmarks\Nexen.Benchmarks.csproj]
C:\Program Files\Microsoft Visual Studio\18\Insiders\MSBuild\Current\Bin\Microsoft.Common.CurrentVersion.targets(2451,5): warning MSB3277:           Project file item includes which caused reference "C:\Users\me\.nuget\packages\avalonia.desktop\11.3.11\lib\net8.0\Avalonia.Desktop.dll". [C:\Users\me\source\repos\Nexen\Benchmarks\Nexen.Benchmarks.csproj]
C:\Program Files\Microsoft Visual Studio\18\Insiders\MSBuild\Current\Bin\Microsoft.Common.CurrentVersion.targets(2451,5): warning MSB3277:             C:\Users\me\.nuget\packages\avalonia.desktop\11.3.11\lib\net8.0\Avalonia.Desktop.dll [C:\Users\me\source\repos\Nexen\Benchmarks\Nexen.Benchmarks.csproj]
C:\Program Files\Microsoft Visual Studio\18\Insiders\MSBuild\Current\Bin\Microsoft.Common.CurrentVersion.targets(2451,5): warning MSB3277:     References which depend on or have been unified to "Avalonia.Desktop, Version=12.0.0.0, Culture=neutral, PublicKeyToken=c8d484a7012f9a8b" []. [C:\Users\me\source\repos\Nexen\Benchmarks\Nexen.Benchmarks.csproj]
C:\Program Files\Microsoft Visual Studio\18\Insiders\MSBuild\Current\Bin\Microsoft.Common.CurrentVersion.targets(2451,5): warning MSB3277:         C:\Users\me\source\repos\Nexen\bin\win-x64\Release\Nexen.dll [C:\Users\me\source\repos\Nexen\Benchmarks\Nexen.Benchmarks.csproj]
C:\Program Files\Microsoft Visual Studio\18\Insiders\MSBuild\Current\Bin\Microsoft.Common.CurrentVersion.targets(2451,5): warning MSB3277:           Project file item includes which caused reference "C:\Users\me\source\repos\Nexen\bin\win-x64\Release\Nexen.dll". [C:\Users\me\source\repos\Nexen\Benchmarks\Nexen.Benchmarks.csproj]
C:\Program Files\Microsoft Visual Studio\18\Insiders\MSBuild\Current\Bin\Microsoft.Common.CurrentVersion.targets(2451,5): warning MSB3277:             C:\Users\me\source\repos\Nexen\bin\win-x64\Release\Nexen.dll [C:\Users\me\source\repos\Nexen\Benchmarks\Nexen.Benchmarks.csproj]
C:\Program Files\Microsoft Visual Studio\18\Insiders\MSBuild\Current\Bin\Microsoft.Common.CurrentVersion.targets(2451,5): warning MSB3277: Found conflicts between different versions of "Avalonia.Win32" that could not be resolved. [C:\Users\me\source\repos\Nexen\Benchmarks\Nexen.Benchmarks.csproj]
C:\Program Files\Microsoft Visual Studio\18\Insiders\MSBuild\Current\Bin\Microsoft.Common.CurrentVersion.targets(2451,5): warning MSB3277: There was a conflict between "Avalonia.Win32, Version=11.3.11.0, Culture=neutral, PublicKeyToken=c8d484a7012f9a8b" and "Avalonia.Win32, Version=12.0.0.0, Culture=neutral, PublicKeyToken=c8d484a7012f9a8b". [C:\Users\me\source\repos\Nexen\Benchmarks\Nexen.Benchmarks.csproj]
C:\Program Files\Microsoft Visual Studio\18\Insiders\MSBuild\Current\Bin\Microsoft.Common.CurrentVersion.targets(2451,5): warning MSB3277:     "Avalonia.Win32, Version=11.3.11.0, Culture=neutral, PublicKeyToken=c8d484a7012f9a8b" was chosen because it was primary and "Avalonia.Win32, Version=12.0.0.0, Culture=neutral, PublicKeyToken=c8d484a7012f9a8b" was not. [C:\Users\me\source\repos\Nexen\Benchmarks\Nexen.Benchmarks.csproj]
C:\Program Files\Microsoft Visual Studio\18\Insiders\MSBuild\Current\Bin\Microsoft.Common.CurrentVersion.targets(2451,5): warning MSB3277:     References which depend on "Avalonia.Win32, Version=11.3.11.0, Culture=neutral, PublicKeyToken=c8d484a7012f9a8b" [C:\Users\me\.nuget\packages\avalonia.win32\11.3.11\lib\net8.0\Avalonia.Win32.dll]. [C:\Users\me\source\repos\Nexen\Benchmarks\Nexen.Benchmarks.csproj]
C:\Program Files\Microsoft Visual Studio\18\Insiders\MSBuild\Current\Bin\Microsoft.Common.CurrentVersion.targets(2451,5): warning MSB3277:         C:\Users\me\.nuget\packages\avalonia.win32\11.3.11\lib\net8.0\Avalonia.Win32.dll [C:\Users\me\source\repos\Nexen\Benchmarks\Nexen.Benchmarks.csproj]
C:\Program Files\Microsoft Visual Studio\18\Insiders\MSBuild\Current\Bin\Microsoft.Common.CurrentVersion.targets(2451,5): warning MSB3277:           Project file item includes which caused reference "C:\Users\me\.nuget\packages\avalonia.win32\11.3.11\lib\net8.0\Avalonia.Win32.dll". [C:\Users\me\source\repos\Nexen\Benchmarks\Nexen.Benchmarks.csproj]
C:\Program Files\Microsoft Visual Studio\18\Insiders\MSBuild\Current\Bin\Microsoft.Common.CurrentVersion.targets(2451,5): warning MSB3277:             C:\Users\me\.nuget\packages\avalonia.win32\11.3.11\lib\net8.0\Avalonia.Win32.dll [C:\Users\me\source\repos\Nexen\Benchmarks\Nexen.Benchmarks.csproj]
C:\Program Files\Microsoft Visual Studio\18\Insiders\MSBuild\Current\Bin\Microsoft.Common.CurrentVersion.targets(2451,5): warning MSB3277:     References which depend on or have been unified to "Avalonia.Win32, Version=12.0.0.0, Culture=neutral, PublicKeyToken=c8d484a7012f9a8b" []. [C:\Users\me\source\repos\Nexen\Benchmarks\Nexen.Benchmarks.csproj]
C:\Program Files\Microsoft Visual Studio\18\Insiders\MSBuild\Current\Bin\Microsoft.Common.CurrentVersion.targets(2451,5): warning MSB3277:         C:\Users\me\source\repos\Nexen\bin\win-x64\Release\Nexen.dll [C:\Users\me\source\repos\Nexen\Benchmarks\Nexen.Benchmarks.csproj]
C:\Program Files\Microsoft Visual Studio\18\Insiders\MSBuild\Current\Bin\Microsoft.Common.CurrentVersion.targets(2451,5): warning MSB3277:           Project file item includes which caused reference "C:\Users\me\source\repos\Nexen\bin\win-x64\Release\Nexen.dll". [C:\Users\me\source\repos\Nexen\Benchmarks\Nexen.Benchmarks.csproj]
C:\Program Files\Microsoft Visual Studio\18\Insiders\MSBuild\Current\Bin\Microsoft.Common.CurrentVersion.targets(2451,5): warning MSB3277:             C:\Users\me\source\repos\Nexen\bin\win-x64\Release\Nexen.dll [C:\Users\me\source\repos\Nexen\Benchmarks\Nexen.Benchmarks.csproj]
C:\Program Files\Microsoft Visual Studio\18\Insiders\MSBuild\Current\Bin\Microsoft.Common.CurrentVersion.targets(2451,5): warning MSB3277: Found conflicts between different versions of "Avalonia.X11" that could not be resolved. [C:\Users\me\source\repos\Nexen\Benchmarks\Nexen.Benchmarks.csproj]
C:\Program Files\Microsoft Visual Studio\18\Insiders\MSBuild\Current\Bin\Microsoft.Common.CurrentVersion.targets(2451,5): warning MSB3277: There was a conflict between "Avalonia.X11, Version=11.3.11.0, Culture=neutral, PublicKeyToken=c8d484a7012f9a8b" and "Avalonia.X11, Version=12.0.0.0, Culture=neutral, PublicKeyToken=c8d484a7012f9a8b". [C:\Users\me\source\repos\Nexen\Benchmarks\Nexen.Benchmarks.csproj]
C:\Program Files\Microsoft Visual Studio\18\Insiders\MSBuild\Current\Bin\Microsoft.Common.CurrentVersion.targets(2451,5): warning MSB3277:     "Avalonia.X11, Version=11.3.11.0, Culture=neutral, PublicKeyToken=c8d484a7012f9a8b" was chosen because it was primary and "Avalonia.X11, Version=12.0.0.0, Culture=neutral, PublicKeyToken=c8d484a7012f9a8b" was not. [C:\Users\me\source\repos\Nexen\Benchmarks\Nexen.Benchmarks.csproj]
C:\Program Files\Microsoft Visual Studio\18\Insiders\MSBuild\Current\Bin\Microsoft.Common.CurrentVersion.targets(2451,5): warning MSB3277:     References which depend on "Avalonia.X11, Version=11.3.11.0, Culture=neutral, PublicKeyToken=c8d484a7012f9a8b" [C:\Users\me\.nuget\packages\avalonia.x11\11.3.11\lib\net8.0\Avalonia.X11.dll]. [C:\Users\me\source\repos\Nexen\Benchmarks\Nexen.Benchmarks.csproj]
C:\Program Files\Microsoft Visual Studio\18\Insiders\MSBuild\Current\Bin\Microsoft.Common.CurrentVersion.targets(2451,5): warning MSB3277:         C:\Users\me\.nuget\packages\avalonia.x11\11.3.11\lib\net8.0\Avalonia.X11.dll [C:\Users\me\source\repos\Nexen\Benchmarks\Nexen.Benchmarks.csproj]
C:\Program Files\Microsoft Visual Studio\18\Insiders\MSBuild\Current\Bin\Microsoft.Common.CurrentVersion.targets(2451,5): warning MSB3277:           Project file item includes which caused reference "C:\Users\me\.nuget\packages\avalonia.x11\11.3.11\lib\net8.0\Avalonia.X11.dll". [C:\Users\me\source\repos\Nexen\Benchmarks\Nexen.Benchmarks.csproj]
C:\Program Files\Microsoft Visual Studio\18\Insiders\MSBuild\Current\Bin\Microsoft.Common.CurrentVersion.targets(2451,5): warning MSB3277:             C:\Users\me\.nuget\packages\avalonia.x11\11.3.11\lib\net8.0\Avalonia.X11.dll [C:\Users\me\source\repos\Nexen\Benchmarks\Nexen.Benchmarks.csproj]
C:\Program Files\Microsoft Visual Studio\18\Insiders\MSBuild\Current\Bin\Microsoft.Common.CurrentVersion.targets(2451,5): warning MSB3277:     References which depend on or have been unified to "Avalonia.X11, Version=12.0.0.0, Culture=neutral, PublicKeyToken=c8d484a7012f9a8b" []. [C:\Users\me\source\repos\Nexen\Benchmarks\Nexen.Benchmarks.csproj]
C:\Program Files\Microsoft Visual Studio\18\Insiders\MSBuild\Current\Bin\Microsoft.Common.CurrentVersion.targets(2451,5): warning MSB3277:         C:\Users\me\source\repos\Nexen\bin\win-x64\Release\Nexen.dll [C:\Users\me\source\repos\Nexen\Benchmarks\Nexen.Benchmarks.csproj]
C:\Program Files\Microsoft Visual Studio\18\Insiders\MSBuild\Current\Bin\Microsoft.Common.CurrentVersion.targets(2451,5): warning MSB3277:           Project file item includes which caused reference "C:\Users\me\source\repos\Nexen\bin\win-x64\Release\Nexen.dll". [C:\Users\me\source\repos\Nexen\Benchmarks\Nexen.Benchmarks.csproj]
C:\Program Files\Microsoft Visual Studio\18\Insiders\MSBuild\Current\Bin\Microsoft.Common.CurrentVersion.targets(2451,5): warning MSB3277:             C:\Users\me\source\repos\Nexen\bin\win-x64\Release\Nexen.dll [C:\Users\me\source\repos\Nexen\Benchmarks\Nexen.Benchmarks.csproj]
C:\Program Files\Microsoft Visual Studio\18\Insiders\MSBuild\Current\Bin\Microsoft.Common.CurrentVersion.targets(2451,5): warning MSB3277: Found conflicts between different versions of "Dock.Avalonia" that could not be resolved. [C:\Users\me\source\repos\Nexen\Benchmarks\Nexen.Benchmarks.csproj]
C:\Program Files\Microsoft Visual Studio\18\Insiders\MSBuild\Current\Bin\Microsoft.Common.CurrentVersion.targets(2451,5): warning MSB3277: There was a conflict between "Dock.Avalonia, Version=11.3.11.7, Culture=neutral, PublicKeyToken=535dd7fb7a6cf113" and "Dock.Avalonia, Version=12.0.0.1, Culture=neutral, PublicKeyToken=535dd7fb7a6cf113". [C:\Users\me\source\repos\Nexen\Benchmarks\Nexen.Benchmarks.csproj]
C:\Program Files\Microsoft Visual Studio\18\Insiders\MSBuild\Current\Bin\Microsoft.Common.CurrentVersion.targets(2451,5): warning MSB3277:     "Dock.Avalonia, Version=11.3.11.7, Culture=neutral, PublicKeyToken=535dd7fb7a6cf113" was chosen because it was primary and "Dock.Avalonia, Version=12.0.0.1, Culture=neutral, PublicKeyToken=535dd7fb7a6cf113" was not. [C:\Users\me\source\repos\Nexen\Benchmarks\Nexen.Benchmarks.csproj]
C:\Program Files\Microsoft Visual Studio\18\Insiders\MSBuild\Current\Bin\Microsoft.Common.CurrentVersion.targets(2451,5): warning MSB3277:     References which depend on "Dock.Avalonia, Version=11.3.11.7, Culture=neutral, PublicKeyToken=535dd7fb7a6cf113" [C:\Users\me\.nuget\packages\dock.avalonia\11.3.11.7\lib\net10.0\Dock.Avalonia.dll]. [C:\Users\me\source\repos\Nexen\Benchmarks\Nexen.Benchmarks.csproj]
C:\Program Files\Microsoft Visual Studio\18\Insiders\MSBuild\Current\Bin\Microsoft.Common.CurrentVersion.targets(2451,5): warning MSB3277:         C:\Users\me\.nuget\packages\dock.avalonia\11.3.11.7\lib\net10.0\Dock.Avalonia.dll [C:\Users\me\source\repos\Nexen\Benchmarks\Nexen.Benchmarks.csproj]
C:\Program Files\Microsoft Visual Studio\18\Insiders\MSBuild\Current\Bin\Microsoft.Common.CurrentVersion.targets(2451,5): warning MSB3277:           Project file item includes which caused reference "C:\Users\me\.nuget\packages\dock.avalonia\11.3.11.7\lib\net10.0\Dock.Avalonia.dll". [C:\Users\me\source\repos\Nexen\Benchmarks\Nexen.Benchmarks.csproj]
C:\Program Files\Microsoft Visual Studio\18\Insiders\MSBuild\Current\Bin\Microsoft.Common.CurrentVersion.targets(2451,5): warning MSB3277:             C:\Users\me\.nuget\packages\dock.avalonia\11.3.11.7\lib\net10.0\Dock.Avalonia.dll [C:\Users\me\source\repos\Nexen\Benchmarks\Nexen.Benchmarks.csproj]
C:\Program Files\Microsoft Visual Studio\18\Insiders\MSBuild\Current\Bin\Microsoft.Common.CurrentVersion.targets(2451,5): warning MSB3277:     References which depend on or have been unified to "Dock.Avalonia, Version=12.0.0.1, Culture=neutral, PublicKeyToken=535dd7fb7a6cf113" []. [C:\Users\me\source\repos\Nexen\Benchmarks\Nexen.Benchmarks.csproj]
C:\Program Files\Microsoft Visual Studio\18\Insiders\MSBuild\Current\Bin\Microsoft.Common.CurrentVersion.targets(2451,5): warning MSB3277:         C:\Users\me\source\repos\Nexen\bin\win-x64\Release\Nexen.dll [C:\Users\me\source\repos\Nexen\Benchmarks\Nexen.Benchmarks.csproj]
C:\Program Files\Microsoft Visual Studio\18\Insiders\MSBuild\Current\Bin\Microsoft.Common.CurrentVersion.targets(2451,5): warning MSB3277:           Project file item includes which caused reference "C:\Users\me\source\repos\Nexen\bin\win-x64\Release\Nexen.dll". [C:\Users\me\source\repos\Nexen\Benchmarks\Nexen.Benchmarks.csproj]
C:\Program Files\Microsoft Visual Studio\18\Insiders\MSBuild\Current\Bin\Microsoft.Common.CurrentVersion.targets(2451,5): warning MSB3277:             C:\Users\me\source\repos\Nexen\bin\win-x64\Release\Nexen.dll [C:\Users\me\source\repos\Nexen\Benchmarks\Nexen.Benchmarks.csproj]
CSC : error CS1705: Assembly 'Nexen' with identity 'Nexen, Version=1.4.23.0, Culture=neutral, PublicKeyToken=null' uses 'Avalonia.Base, Version=12.0.0.0, Culture=neutral, PublicKeyToken=c8d484a7012f9a8b' which has a higher version than referenced assembly 'Avalonia.Base' with identity 'Avalonia.Base, Version=11.3.11.0, Culture=neutral, PublicKeyToken=c8d484a7012f9a8b' [C:\Users\me\source\repos\Nexen\Benchmarks\Nexen.Benchmarks.csproj]
